// Jest Snapshot v1, https://goo.gl/fbAQLP

exports[`Article render successfully 1`] = `
<div>
  <div
    className="sc-EHOje jiRcjx"
  >
    <div
      className="sc-bdVaJa bPGLpq"
    >
      <span
        className="sc-bwzfXH dNCrpK"
      >
        A title
      </span>
      <span
        className="sc-htpNat cUROdq"
      >
        2018/10/15 17:13:00
      </span>
    </div>
    <span
      className="sc-bZQynM dLZvNn"
    >
      Content
    </span>
    <span
      className="sc-gzVnrw kDPufM"
      onClick={[Function]}
    >
      1 comments
    </span>
  </div>
  <div
    className="sc-htoDjs eolgBN"
  />
  <div
    className="sc-EHOje jiRcjx"
  >
    <textarea
      autoComplete="off"
      className="sc-jTzLTM gKGFVP sc-iwsKbI iCkmLb"
      name="content"
      onChange={[Function]}
      placeholder="Comment"
      value=""
    />
    <button
      className="sc-gZMcBi bMlNzm"
      onClick={[Function]}
    >
      Submit
    </button>
  </div>
</div>
`;
