// Jest Snapshot v1, https://goo.gl/fbAQLP

exports[`Editor render successfully when disabled 1`] = `
<div
  className="sc-EHOje jiRcjx"
>
  <input
    autoComplete="off"
    className="sc-bdVaJa dvXOK"
    disabled={false}
    name="title"
    onChange={[Function]}
    placeholder="Title"
    value=""
  />
  <textarea
    autoComplete="off"
    className="sc-bwzfXH jGzomT"
    disabled={false}
    name="content"
    onChange={[Function]}
    placeholder="Content"
    value=""
  />
  <button
    className="sc-htpNat eTyvdL"
    disabled={false}
    onClick={[Function]}
  >
    Submit
  </button>
</div>
`;

exports[`Editor render successfully when enabled 1`] = `
<div
  className="sc-EHOje jiRcjx"
>
  <div
    className="sc-ifAKCX TUjuP"
  />
  <div
    className="sc-bxivhb jYnjvO"
  >
    <div>
      <svg
        height="100"
        viewBox="0 0 38 38"
        width="100"
        xmlns="http://www.w3.org/2000/svg"
      >
        <defs>
          <linearGradient
            id="a"
            x1="8.042%"
            x2="65.682%"
            y1="0%"
            y2="23.865%"
          >
            <stop
              offset="0%"
              stopColor="#d69d56"
              stopOpacity="0"
            />
            <stop
              offset="63.146%"
              stopColor="#d69d56"
              stopOpacity=".631"
            />
            <stop
              offset="100%"
              stopColor="#d69d56"
            />
          </linearGradient>
        </defs>
        <g
          fill="none"
          fillRule="evenodd"
        >
          <g
            transform="translate(1 1)"
          >
            <path
              d="M36 18c0-9.94-8.06-18-18-18"
              id="Oval-2"
              stroke="#d69d56"
              strokeWidth="2"
            >
              <animateTransform
                attributeName="transform"
                dur="0.9s"
                from="0 18 18"
                repeatCount="indefinite"
                to="360 18 18"
                type="rotate"
              />
            </path>
            <circle
              cx="36"
              cy="18"
              fill="#fff"
              r="1"
            >
              <animateTransform
                attributeName="transform"
                dur="0.9s"
                from="0 18 18"
                repeatCount="indefinite"
                to="360 18 18"
                type="rotate"
              />
            </circle>
          </g>
        </g>
      </svg>
    </div>
  </div>
  <input
    autoComplete="off"
    className="sc-bdVaJa dvXOK"
    disabled={true}
    name="title"
    onChange={[Function]}
    placeholder="Title"
    value=""
  />
  <textarea
    autoComplete="off"
    className="sc-bwzfXH jGzomT"
    disabled={true}
    name="content"
    onChange={[Function]}
    placeholder="Content"
    value=""
  />
  <button
    className="sc-htpNat eTyvdL"
    disabled={true}
    onClick={[Function]}
  >
    Submit
  </button>
</div>
`;
